MPLINK 5.09, LINKER
Linker Map File - Created Sun May 19 02:48:34 2024

                                 Section Info
                  Section       Type    Address   Location Size(Bytes)
                ---------  ---------  ---------  ---------  ---------
                   .org_0       code   0x000000    program   0x000002
                   .cinit    romdata   0x000001    program   0x000004
                   .org_1       code   0x000004    program   0x0000d6
.config_2007_BUILD/DEFAULT/PRODUCTION/MAIN.O       code   0x002007    program   0x000002
.config_2008_BUILD/DEFAULT/PRODUCTION/MAIN.O       code   0x002008    program   0x000002



                              Program Memory Usage 
                               Start         End      
                           ---------   ---------      
                            0x000000    0x000002      
                            0x000004    0x00006e      
                            0x002007    0x002008      
            112 out of 8455 program addresses used, program memory utilization is 1%



                              Symbols - Sorted by Name
                     Name    Address   Location    Storage File                     
                ---------  ---------  ---------  --------- ---------                
           CHANGE_DISPLAY   0x000016    program     static C:\Users\Mouton-PC\Desktop\Digital2\PROYECTO\main.asm
             DISPLAY_7SEG   0x000005    program     static C:\Users\Mouton-PC\Desktop\Digital2\PROYECTO\main.asm
                   ENDISR   0x00004c    program     static C:\Users\Mouton-PC\Desktop\Digital2\PROYECTO\main.asm
             INIT_DISPLAY   0x00003d    program     static C:\Users\Mouton-PC\Desktop\Digital2\PROYECTO\main.asm
                      ISR   0x000045    program     static C:\Users\Mouton-PC\Desktop\Digital2\PROYECTO\main.asm
                     LOOP   0x00003c    program     static C:\Users\Mouton-PC\Desktop\Digital2\PROYECTO\main.asm
            SAVE_ADC_DATA   0x000064    program     static C:\Users\Mouton-PC\Desktop\Digital2\PROYECTO\main.asm
                    SETUP   0x000019    program     static C:\Users\Mouton-PC\Desktop\Digital2\PROYECTO\main.asm
                   UPDATE   0x000051    program     static C:\Users\Mouton-PC\Desktop\Digital2\PROYECTO\main.asm



                              Symbols - Sorted by Address
                     Name    Address   Location    Storage File                     
                ---------  ---------  ---------  --------- ---------                
             DISPLAY_7SEG   0x000005    program     static C:\Users\Mouton-PC\Desktop\Digital2\PROYECTO\main.asm
           CHANGE_DISPLAY   0x000016    program     static C:\Users\Mouton-PC\Desktop\Digital2\PROYECTO\main.asm
                    SETUP   0x000019    program     static C:\Users\Mouton-PC\Desktop\Digital2\PROYECTO\main.asm
                     LOOP   0x00003c    program     static C:\Users\Mouton-PC\Desktop\Digital2\PROYECTO\main.asm
             INIT_DISPLAY   0x00003d    program     static C:\Users\Mouton-PC\Desktop\Digital2\PROYECTO\main.asm
                      ISR   0x000045    program     static C:\Users\Mouton-PC\Desktop\Digital2\PROYECTO\main.asm
                   ENDISR   0x00004c    program     static C:\Users\Mouton-PC\Desktop\Digital2\PROYECTO\main.asm
                   UPDATE   0x000051    program     static C:\Users\Mouton-PC\Desktop\Digital2\PROYECTO\main.asm
            SAVE_ADC_DATA   0x000064    program     static C:\Users\Mouton-PC\Desktop\Digital2\PROYECTO\main.asm


